
[1m[30m[46m RUN [49m[39m[22m [36mv4.1.10 [39m[90mC:/Users/Administrator/WorkBuddy/鎴戝彧瑕佷竴鍒€/project-code[39m

 [32m鉁?[39m src/game/systems/BossController.test.ts [2m([22m[2m58 tests[22m[2m)[22m[32m 25[2mms[22m[39m
 [31m鉂?[39m src/game/systems/BossReactiveController.test.ts [2m([22m[2m103 tests[22m[2m | [22m[31m2 failed[39m[2m)[22m[32m 49[2mms[22m[39m
     [32m鉁?[39m A1 鍒濆鐘舵€佹瀯閫犲悗涓夊潡鎶ょ敳瀹屽ソ[32m 4[2mms[22m[39m
     [32m鉁?[39m A2 5鐘舵€佹満娴佽浆 鈥?armor_prepare鈫抰hreat鈫抩pportunity鈫抮esolve鈫抮ecovery鈫掍笅涓€prepare[32m 1[2mms[22m[39m
     [32m鉁?[39m A3 鐪熷疄涓夌敳娴佺▼ 鈥?resolveGeometry鈫抐inishSlash鈫抋dvance 瀹屾暣閾捐矾鑷?bridge[32m 2[2mms[22m[39m
     [32m鉁?[39m A4 妗ユ帴鍒?pursuit 鈥?resolveGeometry 鐪熷疄涓夌敳鍑荤牬鍚?bridgeTriggered 姝ｇ‘[32m 1[2mms[22m[39m
     [32m鉁?[39m A5 鏋勯€犲悗 bossModeActive 涓?true锛宔xit 鍚庝负 false[32m 1[2mms[22m[39m
     [32m鉁?[39m B1 鎶ょ敳浼ゅ鍏紡 鈥?浣庡垁鍔?(20) 鍥哄畾 25 浼ゅ[32m 0[2mms[22m[39m
     [32m鉁?[39m B2 鎶ょ敳浼ゅ鍏紡 鈥?涓垁鍔?(50) 鍥哄畾 55 浼ゅ[32m 0[2mms[22m[39m
     [32m鉁?[39m B3 鎶ょ敳浼ゅ鍏紡 鈥?楂樺垁鍔?(100) 涓€鍒€纰?100 浼ゅ[32m 0[2mms[22m[39m
     [32m鉁?[39m B4 鎶ょ敳浼ゅ鍏紡 鈥?杈圭晫鍊?29 (浣庡垁鍔? 鍥哄畾 25[32m 0[2mms[22m[39m
     [32m鉁?[39m B5 鎶ょ敳浼ゅ鍏紡 鈥?杈圭晫鍊?30 (涓垁鍔? 鍥哄畾 55[32m 0[2mms[22m[39m
     [32m鉁?[39m B6 鎶ょ敳浼ゅ鍏紡 鈥?杈圭晫鍊?69 (涓垁鍔? 鍥哄畾 55[32m 0[2mms[22m[39m
     [32m鉁?[39m B7 鎶ょ敳浼ゅ鍏紡 鈥?杈圭晫鍊?70 (楂樺垁鍔? 鐩存帴鐮寸敳[32m 0[2mms[22m[39m
     [32m鉁?[39m B8 涓ユ牸浣庡垁鍔?鍒€搴忓垪 鈥?100鈫?5鈫?0鈫?5鈫?[32m 0[2mms[22m[39m
     [32m鉁?[39m B9 涓ユ牸涓垁鍔?鍒€搴忓垪 鈥?100鈫?5鈫?[32m 0[2mms[22m[39m
     [32m鉁?[39m B10 涓ユ牸楂樺垁鍔?鍒€搴忓垪 鈥?100鈫?[32m 0[2mms[22m[39m
     [32m鉁?[39m B11 鎶ょ敳瑁傜棔绱Н 鈥?浣庡垁鍔垮娆″惊鐜帹杩涜嚦鐮寸敳[32m 0[2mms[22m[39m
     [32m鉁?[39m C1 鏅€氬脊骞曞彲鏂?鈥?resolveGeometry 鍛戒腑 normal 寮瑰箷[32m 0[2mms[22m[39m
     [32m鉁?[39m C2 寮哄寲寮瑰箷鐢熸垚 鈥?鍙宠偐 threat 闃舵鐢熸垚 reflective 寮瑰箷[32m 0[2mms[22m[39m
     [32m鉁?[39m C3 鍗遍櫓闆风悆鐢熸垚 鈥?鑳哥敳 threat 闃舵鐢熸垚 dangerous 寮瑰箷[32m 0[2mms[22m[39m
     [32m鉁?[39m C4 寮瑰箷鐢熷懡鍛ㄦ湡 鈥?寮瑰箷瓒?maxLife 鑷姩澶辨椿[32m 0[2mms[22m[39m
     [32m鉁?[39m C5 resolveGeometry 濞佽儊闃舵鍛戒腑寮瑰箷 鈥?杩斿洖姝ｇ‘浜嬩欢绫诲瀷[32m 0[2mms[22m[39m
     [32m鉁?[39m C6 寮瑰箷 getProjectiles 杩斿洖娣辨嫹璐濅笉绡℃敼鍐呴儴寮曠敤[32m 1[2mms[22m[39m
     [32m鉁?[39m C7 resolveGeometry 杩斿洖绌轰簨浠?鈥?threat 闃舵鏃犲脊骞曟椂[32m 0[2mms[22m[39m
     [32m鉁?[39m D1 鐪熷疄 reflect+16 鈥?楂樺垁鍔垮弽灏?reflective 寮瑰箷濂栧姳 16[32m 0[2mms[22m[39m
     [32m鉁?[39m D2 浜屾鍙嶅皠闃绘 鈥?鍚?reflective 寮瑰箷琚袱鍒€鎸ヨ繃浠呯涓€娆¤Е鍙?[32m 0[2mms[22m[39m
     [32m鉁?[39m D3 鍙嶅皠寮?reflected=true 鍚?resolveGeometry 璺宠繃鍛戒腑[32m 0[2mms[22m[39m
     [32m鉁?[39m D4 鍙嶅皠寮?velocity 鍙嶅悜 鈥?vx=-vx, vy=-vy[32m 0[2mms[22m[39m
     [32m鉁?[39m D5 鍙嶅皠寮?markProjectilePlayerHit 璺宠繃 reflected[32m 0[2mms[22m[39m
     [32m鉁?[39m D6 浣庡垁鍔?<70)鍛戒腑 reflective 寮瑰箷 鈫?cut 鑰岄潪 reflect[32m 0[2mms[22m[39m
     [32m鉁?[39m E1 绌烘尌妫€娴?鈥?鏃犲懡涓椂杩斿洖绌虹粨鏋?[32m 0[2mms[22m[39m
     [32m鉁?[39m E2 绌烘尌涓嶆墸 HP 鈥?wrongHit=false 鏃?playerHp 涓嶅彉[32m 0[2mms[22m[39m
     [32m鉁?[39m E3 绌烘尌 energyAfter 姝ｇ‘ 鈥?baseCost 琚墸闄わ紙楠岃瘉鏈?emptySwingPenalty=0锛?[32m 0[2mms[22m[39m
     [32m鉁?[39m E4 绌烘尌 primaryResult 涓?empty_swing[32m 0[2mms[22m[39m
     [32m鉁?[39m E5 绌烘尌 secondaryResults 涓虹┖鏁扮粍[32m 0[2mms[22m[39m
     [32m鉁?[39m F1 鐜╁鐢熷懡绯荤粺 鈥?takeDamage 鎵ｈ[32m 0[2mms[22m[39m
     [32m鉁?[39m F2 鐜╁鐢熷懡绯荤粺 鈥?鏃犳晫甯у唴鍐嶆鍙椾激浼ゅ涓?0[32m 0[2mms[22m[39m
     [32m鉁?[39m F3 鐜╁鐢熷懡绯荤粺 鈥?鏃犳晫甯х粨鏉熷悗鍙啀娆″彈浼?[32m 0[2mms[22m[39m
     [32m鉁?[39m F4 鐜╁鐢熷懡绯荤粺 鈥?姝讳骸妫€娴?isPlayerDead[32m 0[2mms[22m[39m
     [32m鉁?[39m F5 鐜╁鐢熷懡绯荤粺 鈥?鍒濆 HP 100/100[32m 0[2mms[22m[39m
     [32m鉁?[39m F6 鐜╁鐢熷懡绯荤粺 鈥?takeDamage 鍚?flashTimer > 0[32m 0[2mms[22m[39m
     [32m鉁?[39m G1 琚姩鍥炶兘 鈥?楠岃瘉閰嶇疆鍊煎瓨鍦ㄤ笖鍚堢悊[32m 0[2mms[22m[39m
     [32m鉁?[39m G2 鍒€鍔胯繛缁晥鏋滄彃鍊?鈥?getBladeEffect(0) 浣庤兘閲?[32m 0[2mms[22m[39m
     [32m鉁?[39m G3 鍒€鍔胯繛缁晥鏋滄彃鍊?鈥?getBladeEffect(100) 楂樿兘閲?[32m 0[2mms[22m[39m
     [32m鉁?[39m G4 鍒€鍔胯繛缁晥鏋滄彃鍊?鈥?鍗曡皟閫掑[32m 0[2mms[22m[39m
     [32m鉁?[39m G5 updateBladeEffect 鏇存柊 currentBladeEffect[32m 0[2mms[22m[39m
     [32m鉁?[39m H1 finishSlash 杩斿洖鎵€鏈夊繀闇€瀛楁[32m 0[2mms[22m[39m
     [32m鉁?[39m H2 finishSlash secondaryResults 鍖呭惈闈?primaryResult 浜嬩欢[32m 0[2mms[22m[39m
     [32m鉁?[39m H3 finishSlash 鍒€鍔跨粡娴庢鍙嶉 鈥?寮瑰箷鏂╁鍔?> 0[32m 0[2mms[22m[39m
     [32m鉁?[39m H4 finishSlash dangerous 鎯╃綒 < 0[32m 0[2mms[22m[39m
     [32m鉁?[39m H5 finishSlash armorBroken 鏃?armorReward 涓?armorBreakReward[32m 0[2mms[22m[39m
     [32m鉁?[39m H6 finishSlash armorHit (闈炵牬鐢? 鏃?armorReward 涓?armorCrackReward[32m 0[2mms[22m[39m
     [32m鉁?[39m H7 finishSlash 浼ゅ=0 鏃朵笉瑙﹀彂 armorBroken[32m 0[2mms[22m[39m
     [32m鉁?[39m H8 finishSlash unclampedAfter 姝ｇ‘鍙嶆槧缁撶畻鍓嶈兘閲?[32m 0[2mms[22m[39m
     [32m鉁?[39m H9 finishSlash energyAfter 琚?clamp 鍦?[0, max][32m 0[2mms[22m[39m
     [32m鉁?[39m H10 finishSlash events 瀹屾暣璁板綍鎵€鏈夌鎾?鈥?cut+armor 涓ユ牸楠岃瘉[32m 1[2mms[22m[39m
     [32m鉁?[39m H11 finishSlash armorHitPos 闈炵┖鏃舵湁鏁?[32m 0[2mms[22m[39m
     [32m鉁?[39m I1 hold-after-hit 鈥?鍛戒腑鍚庣瓑寰?recovery 鍐?finishSlash 浠嶄负 armor_hit[32m 0[2mms[22m[39m
     [32m鉁?[39m I2 session淇濈暀 鈥?transitionToRecovery 鍚?finishSlash 浠嶈兘娑堣垂鍘?session[32m 0[2mms[22m[39m
     [32m鉁?[39m I3 session淇濈暀 鈥?recovery 鍚?finishSlash 浠嶈繑鍥炴纭?armorDamage[32m 0[2mms[22m[39m
     [32m鉁?[39m I4 hold-after-hit 鈥?鍛戒腑鍚庡欢杩熷啀鏀跺垁 primaryResult 浠嶄负 armor_hit[32m 0[2mms[22m[39m
     [32m鉁?[39m J1 primaryResult 浼樺厛绾?鈥?armor_broken > armor_hit[32m 0[2mms[22m[39m
     [32m鉁?[39m J2 primaryResult 浼樺厛绾?鈥?armor_hit > dangerous_wrong_cut[32m 0[2mms[22m[39m
     [32m鉁?[39m J3 primaryResult 浼樺厛绾?鈥?dangerous_wrong_cut > body_wrong_hit[32m 0[2mms[22m[39m
     [32m鉁?[39m J4 primaryResult 浼樺厛绾?鈥?body_wrong_hit > projectile_reflect锛堢‘瀹氭€ф瀯閫?body+reflect 娣峰悎鍦烘櫙锛?[32m 1[2mms[22m[39m
     [32m鉁?[39m J5 primaryResult 浼樺厛绾?鈥?projectile_reflect > projectile_cut[32m 0[2mms[22m[39m
     [32m鉁?[39m J6 primaryResult 浼樺厛绾?鈥?projectile_cut > empty_swing[32m 0[2mms[22m[39m
     [32m鉁?[39m K1 娣峰悎浜嬩欢 鈥?鍚屽垁 projectile_cut + dangerous_wrong_cut锛宲rimary=dangerous_wrong_cut[32m 0[2mms[22m[39m
[31m     [31m脳[31m K2 娣峰悎浜嬩欢 鈥?纭畾鎬ф瀯閫?dangerous + projectile_cut锛屼弗鏍奸獙璇?primary/secondary[39m[32m 11[2mms[22m[39m
[31m     [31m脳[31m K3 娣峰悎浜嬩欢 鈥?纭畾鎬ф瀯閫?dangerous + projectile_reflect锛屼弗鏍奸獙璇佷紭鍏堢骇[39m[32m 1[2mms[22m[39m
     [32m鉁?[39m L1 retry 娓呯悊 鈥?reset() 鍚?_session 涓虹┖[32m 0[2mms[22m[39m
     [32m鉁?[39m L2 retry 娓呯悊 鈥?reset() 鍚?_pendingSlashResult 涓?null[32m 0[2mms[22m[39m
     [32m鉁?[39m L3 retry 娓呯悊 鈥?reset() 鍚?_resolvedSlashId 涓虹┖[32m 0[2mms[22m[39m
     [32m鉁?[39m L4 retry 娓呯悊 鈥?reset() 鍚?projectiles 涓虹┖[32m 0[2mms[22m[39m
     [32m鉁?[39m L5 retry 娓呯悊 鈥?reset() 鍚?graceSlashId 涓?null[32m 0[2mms[22m[39m
     [32m鉁?[39m M1 杈撳叆绛栫暐 鈥?prepare 闃舵 inputLocked = true[32m 0[2mms[22m[39m
     [32m鉁?[39m M2 杈撳叆绛栫暐 鈥?resolve 闃舵 inputLocked = true[32m 0[2mms[22m[39m
     [32m鉁?[39m M3 杈撳叆绛栫暐 鈥?recovery 闃舵 inputLocked = true[32m 0[2mms[22m[39m
     [32m鉁?[39m M4 杈撳叆绛栫暐 鈥?threat 闃舵 inputLocked = false[32m 0[2mms[22m[39m
     [32m鉁?[39m M5 杈撳叆绛栫暐 鈥?opportunity 闃舵 inputLocked = false[32m 0[2mms[22m[39m
     [32m鉁?[39m N1 freezeCombatResources 鈥?resolve 闃舵涓?true[32m 0[2mms[22m[39m
     [32m鉁?[39m N2 freezeCombatResources 鈥?recovery 闃舵涓?true[32m 0[2mms[22m[39m
     [32m鉁?[39m O1 getReactiveSnapshot 鈥?杩斿洖瀹屾暣鐘舵€?[32m 1[2mms[22m[39m
     [32m鉁?[39m O2 getReactiveSnapshot 鈥?currentBladeEffect 鏈夋晥[32m 0[2mms[22m[39m
     [32m鉁?[39m O3 getActiveArmorWorldPos 鈥?杩斿洖褰撳墠鎶ょ敳涓栫晫鍧愭爣[32m 0[2mms[22m[39m
     [32m鉁?[39m O4 getArmorDurability 鈥?杩斿洖鑰愪箙鏁扮粍锛堟繁鎷疯礉锛?[32m 0[2mms[22m[39m
     [32m鉁?[39m O5 getArmorBrokenFlags 鈥?鍒濆鍏ㄩ儴 false[32m 0[2mms[22m[39m
     [32m鉁?[39m P1 绌烘尌鍚?graceSlashId 娓呯悊 鈥?绐楀彛涓嶅欢闀?[32m 0[2mms[22m[39m
     [32m鉁?[39m P2 reset 鍚?graceSlashId 涓?null[32m 0[2mms[22m[39m
     [32m鉁?[39m P3 绐楀彛鍐呮敞鍐?grace 鈥?proper timing[32m 0[2mms[22m[39m
     [32m鉁?[39m P4 绐楀彛瓒呮椂鍚庢敞鍐?grace 鈥?涓嶈褰?[32m 0[2mms[22m[39m
     [32m鉁?[39m P5 registerReactiveSlashStart 浠呭湪 opportunity 鏈夋晥[32m 0[2mms[22m[39m
     [32m鉁?[39m Q1 armorTransitionHeal 鈥?鍒囨崲鍒版柊鎶ょ敳鏃舵仮澶?HP[32m 0[2mms[22m[39m
     [32m鉁?[39m R1 getLastArmorCollisionSource 鈥?鎶ょ敳鍛戒腑鍚庤繑鍥為潪绌?[32m 0[2mms[22m[39m
     [32m鉁?[39m R2 getLastArmorHitPos 鈥?鎶ょ敳鍛戒腑鍚庤繑鍥炴湁鏁堝潗鏍?[32m 0[2mms[22m[39m
     [32m鉁?[39m S1 P0-3 涓嶅彉閲?鈥?armor-only 鏃?result.events.length === 1[32m 0[2mms[22m[39m
     [32m鉁?[39m S2 P0-3 涓嶅彉閲?鈥?cut+armor 鏃?result.events.length === 2[32m 0[2mms[22m[39m
     [32m鉁?[39m T1 P1-1 涓夎兌鍥?鈥?visibleBlade-only hit锛坆aseTrail + tipSweep miss锛?[32m 0[2mms[22m[39m
     [32m鉁?[39m T2 P1-1 涓夎兌鍥?鈥?tipSweep-only hit锛坆aseTrail + visibleBlade miss锛?[32m 0[2mms[22m[39m
     [32m鉁?[39m T3 P1-1 涓夎兌鍥?鈥?鍏ㄩ儴 miss锛堜笁绉嶈兌鍥婂潎鏈懡涓姢鐢诧級[32m 0[2mms[22m[39m
     [32m鉁?[39m U1 P1-3 getBodyWorldGeometry 鈥?杩斿洖姝ｇ‘鏁伴噺鐨勮韩浣撻儴浣?[32m 0[2mms[22m[39m
     [32m鉁?[39m U2 P1-3 getBodyWorldGeometry 鈥?韬綋閮ㄤ綅鍦ㄤ笘鐣屽潗鏍囪寖鍥村唴[32m 0[2mms[22m[39m
     [32m鉁?[39m V1 P1-B session closedForCollision 鈥?鎶ょ敳鎻愪氦鍚?resolveGeometry 杩斿洖绌烘暟缁?[32m 1[2mms[22m[39m
     [32m鉁?[39m V2 P1-B session closedForCollision 鈥?鎶ょ敳鎻愪氦鍚庡脊骞曚笉杩藉姞鍒?session[32m 1[2mms[22m[39m
 [32m鉁?[39m src/components/MainMenu.test.tsx [2m([22m[2m2 tests[22m[2m)[22m[32m 50[2mms[22m[39m
node.exe : 
所在位置 行:1 字符: 1
+ & "C:\Program Files\nodejs/node.exe" "C:\Program Files\nodejs/node_mo ...
+ ~~~~~~~~~~~~~~~~~~~~~~~~~~~~~~~~~~~~~~~~~~~~~~~~~~~~~~~~~~~~~~~~~~~~~
    + CategoryInfo          : NotSpecified: (:String) [], RemoteException
    + FullyQualifiedErrorId : NativeCommandError
 
[31m鈳幆鈳幆鈳幆鈳?[39m[1m[41m Failed Tests 2 [49m[22m[31m鈳幆鈳幆鈳幆鈳?[39m

[41m[1m FAIL [22m[49m src/game/systems/BossReactiveController.test.ts[2m > [22mBossReactiveController[2m > [22m
K2 娣峰悎浜嬩欢 鈥?纭畾鎬ф瀯閫?dangerous + projectile_cut锛屼弗鏍奸獙璇?primary/secondary
[31m[1mAssertionError[22m: expected 'armor_broken' to be 'dangerous_wrong_cut' // Object.is equality[39m

Expected: [32m"dangerous_wrong_cut"[39m
Received: [31m"armor_broken"[39m

[36m [2m鉂?[22m src/game/systems/BossReactiveController.test.ts:[2m996:34[22m[39m
    [90m994|[39m     [34mexpect[39m(result[33m.[39mdangerousWrongCutCount)[33m.[39m[34mtoBe[39m([34m1[39m)
[33m;[39m
    [90m995|[39m     [34mexpect[39m(result[33m.[39mprojectileCutCount)[33m.[39m[34mtoBe[39m([34m1[39m)[33m
;[39m
    [90m996|[39m     [34mexpect[39m(result[33m.[39mprimaryResult)[33m.[39m[34mtoBe[39m([32m"dangerous_wrong_
cut"[39m)[33m;[39m
    [90m   |[39m                                  [31m^[39m
    [90m997|[39m     [34mexpect[39m(result[33m.[39msecondaryResults)[33m.[39m[34mtoContain[39m([32m"projecti
le_cut"[39m)[33m;[39m
    [90m998|[39m   })[33m;[39m

[31m[2m鈳幆鈳幆鈳幆鈳幆鈳幆鈳幆鈳幆鈳幆鈳幆鈳幆鈳幆鈳幆[1/2]鈳?[22m[39m

[41m[1m FAIL [22m[49m src/game/systems/BossReactiveController.test.ts[2m > [22mBossReactiveController[2m > [22m
K3 娣峰悎浜嬩欢 鈥?纭畾鎬ф瀯閫?dangerous + projectile_reflect锛屼弗鏍奸獙璇佷紭鍏堢骇
[31m[1mAssertionError[22m: expected 'armor_broken' to be 'dangerous_wrong_cut' // Object.is equality[39m

Expected: [32m"dangerous_wrong_cut"[39m
Received: [31m"armor_broken"[39m

[36m [2m鉂?[22m src/game/systems/BossReactiveController.test.ts:[2m1023:34[22m[39m
    [90m1021|[39m     [34mexpect[39m(result[33m.[39mdangerousWrongCutCount)[33m.[39m[34mtoBe[39m([34m1[39m)
[33m;[39m
    [90m1022|[39m     [34mexpect[39m(result[33m.[39mprojectileReflectCount)[33m.[39m[34mtoBe[39m([34m1[39m)
[33m;[39m
    [90m1023|[39m     [34mexpect[39m(result[33m.[39mprimaryResult)[33m.[39m[34mtoBe[39m([32m"dangerous_wrong
_cut"[39m)[33m;[39m
    [90m   |[39m                                  [31m^[39m
    [90m1024|[39m     [34mexpect[39m(result[33m.[39msecondaryResults)[33m.[39m[34mtoContain[39m([32m"project
ile_reflect"[39m)[33m;[39m
    [90m1025|[39m   })[33m;[39m

[31m[2m鈳幆鈳幆鈳幆鈳幆鈳幆鈳幆鈳幆鈳幆鈳幆鈳幆鈳幆鈳幆[2/2]鈳?[22m[39m


[2m Test Files [22m [1m[31m1 failed[39m[22m[2m | [22m[1m[32m2 passed[39m[22m[90m (3)[39m
[2m      Tests [22m [1m[31m2 failed[39m[22m[2m | [22m[1m[32m161 passed[39m[22m[90m (163)[39m
[2m   Start at [22m 16:37:38
[2m   Duration [22m 2.59s[2m (transform 595ms, setup 76ms, import 945ms, tests 125ms, environment 4.67s)[22m

